Archive member included to satisfy reference by file (symbol)

/Applications/STM32CubeIDE 2.app/Contents/Eclipse/plugins/com.st.stm32cube.ide.mcu.externaltools.gnu-tools-for-stm32.9-2020-q2-update.macos64_2.0.0.202105311346/tools/bin/../lib/gcc/arm-none-eabi/9.3.1/../../../../arm-none-eabi/lib/thumb/v7e-m+dp/hard/libc_nano.a(lib_a-errno.o)
                              ./Core/Src/syscalls.o (__errno)
/Applications/STM32CubeIDE 2.app/Contents/Eclipse/plugins/com.st.stm32cube.ide.mcu.externaltools.gnu-tools-for-stm32.9-2020-q2-update.macos64_2.0.0.202105311346/tools/bin/../lib/gcc/arm-none-eabi/9.3.1/../../../../arm-none-eabi/lib/thumb/v7e-m+dp/hard/libc_nano.a(lib_a-exit.o)
                              /Applications/STM32CubeIDE 2.app/Contents/Eclipse/plugins/com.st.stm32cube.ide.mcu.externaltools.gnu-tools-for-stm32.9-2020-q2-update.macos64_2.0.0.202105311346/tools/bin/../lib/gcc/arm-none-eabi/9.3.1/../../../../arm-none-eabi/lib/thumb/v7e-m+dp/hard/crt0.o (exit)
/Applications/STM32CubeIDE 2.app/Contents/Eclipse/plugins/com.st.stm32cube.ide.mcu.externaltools.gnu-tools-for-stm32.9-2020-q2-update.macos64_2.0.0.202105311346/tools/bin/../lib/gcc/arm-none-eabi/9.3.1/../../../../arm-none-eabi/lib/thumb/v7e-m+dp/hard/libc_nano.a(lib_a-impure.o)
                              /Applications/STM32CubeIDE 2.app/Contents/Eclipse/plugins/com.st.stm32cube.ide.mcu.externaltools.gnu-tools-for-stm32.9-2020-q2-update.macos64_2.0.0.202105311346/tools/bin/../lib/gcc/arm-none-eabi/9.3.1/../../../../arm-none-eabi/lib/thumb/v7e-m+dp/hard/libc_nano.a(lib_a-exit.o) (_global_impure_ptr)
/Applications/STM32CubeIDE 2.app/Contents/Eclipse/plugins/com.st.stm32cube.ide.mcu.externaltools.gnu-tools-for-stm32.9-2020-q2-update.macos64_2.0.0.202105311346/tools/bin/../lib/gcc/arm-none-eabi/9.3.1/../../../../arm-none-eabi/lib/thumb/v7e-m+dp/hard/libc_nano.a(lib_a-init.o)
                              /Applications/STM32CubeIDE 2.app/Contents/Eclipse/plugins/com.st.stm32cube.ide.mcu.externaltools.gnu-tools-for-stm32.9-2020-q2-update.macos64_2.0.0.202105311346/tools/bin/../lib/gcc/arm-none-eabi/9.3.1/../../../../arm-none-eabi/lib/thumb/v7e-m+dp/hard/crt0.o (__libc_init_array)
/Applications/STM32CubeIDE 2.app/Contents/Eclipse/plugins/com.st.stm32cube.ide.mcu.externaltools.gnu-tools-for-stm32.9-2020-q2-update.macos64_2.0.0.202105311346/tools/bin/../lib/gcc/arm-none-eabi/9.3.1/../../../../arm-none-eabi/lib/thumb/v7e-m+dp/hard/libc_nano.a(lib_a-memset.o)
                              /Applications/STM32CubeIDE 2.app/Contents/Eclipse/plugins/com.st.stm32cube.ide.mcu.externaltools.gnu-tools-for-stm32.9-2020-q2-update.macos64_2.0.0.202105311346/tools/bin/../lib/gcc/arm-none-eabi/9.3.1/../../../../arm-none-eabi/lib/thumb/v7e-m+dp/hard/crt0.o (memset)
/Applications/STM32CubeIDE 2.app/Contents/Eclipse/plugins/com.st.stm32cube.ide.mcu.externaltools.gnu-tools-for-stm32.9-2020-q2-update.macos64_2.0.0.202105311346/tools/bin/../lib/gcc/arm-none-eabi/9.3.1/thumb/v7e-m+dp/hard/libgcc.a(_aeabi_uldivmod.o)
                              ./Drivers/STM32H7xx_HAL_Driver/Src/stm32h7xx_hal_uart.o (__aeabi_uldivmod)
/Applications/STM32CubeIDE 2.app/Contents/Eclipse/plugins/com.st.stm32cube.ide.mcu.externaltools.gnu-tools-for-stm32.9-2020-q2-update.macos64_2.0.0.202105311346/tools/bin/../lib/gcc/arm-none-eabi/9.3.1/thumb/v7e-m+dp/hard/libgcc.a(_udivmoddi4.o)
                              /Applications/STM32CubeIDE 2.app/Contents/Eclipse/plugins/com.st.stm32cube.ide.mcu.externaltools.gnu-tools-for-stm32.9-2020-q2-update.macos64_2.0.0.202105311346/tools/bin/../lib/gcc/arm-none-eabi/9.3.1/thumb/v7e-m+dp/hard/libgcc.a(_aeabi_uldivmod.o) (__udivmoddi4)
/Applications/STM32CubeIDE 2.app/Contents/Eclipse/plugins/com.st.stm32cube.ide.mcu.externaltools.gnu-tools-for-stm32.9-2020-q2-update.macos64_2.0.0.202105311346/tools/bin/../lib/gcc/arm-none-eabi/9.3.1/thumb/v7e-m+dp/hard/libgcc.a(_dvmd_tls.o)
                              /Applications/STM32CubeIDE 2.app/Contents/Eclipse/plugins/com.st.stm32cube.ide.mcu.externaltools.gnu-tools-for-stm32.9-2020-q2-update.macos64_2.0.0.202105311346/tools/bin/../lib/gcc/arm-none-eabi/9.3.1/thumb/v7e-m+dp/hard/libgcc.a(_aeabi_uldivmod.o) (__aeabi_ldiv0)

Allocating common symbols
Common symbol       size              file

huart3              0x90              ./Core/Src/main.o
hpcd_USB_OTG_FS     0x408             ./Core/Src/main.o
uwTick              0x4               ./Drivers/STM32H7xx_HAL_Driver/Src/stm32h7xx_hal.o
pFlash              0x1c              ./Drivers/STM32H7xx_HAL_Driver/Src/stm32h7xx_hal_flash.o
htim5               0x4c              ./Core/Src/main.o

Discarded input sections

 .text          0x0000000000000000        0x0 /Applications/STM32CubeIDE 2.app/Contents/Eclipse/plugins/com.st.stm32cube.ide.mcu.externaltools.gnu-tools-for-stm32.9-2020-q2-update.macos64_2.0.0.202105311346/tools/bin/../lib/gcc/arm-none-eabi/9.3.1/thumb/v7e-m+dp/hard/crti.o
[...]
Memory Configuration

Name             Origin             Length             Attributes
FLASH            0x0000000008000000 0x0000000000200000 xr
DTCMRAM          0x0000000020000000 0x0000000000020000 xrw
RAM_D1           0x0000000024000000 0x0000000000080000 xrw
RAM_D2           0x0000000030000000 0x0000000000048000 xrw
RAM_D3           0x0000000038000000 0x0000000000010000 xrw
ITCMRAM          0x0000000000000000 0x0000000000010000 xrw
*default*        0x0000000000000000 0xffffffffffffffff

Linker script and memory map

LOAD /Applications/STM32CubeIDE 2.app/Contents/Eclipse/plugins/com.st.stm32cube.ide.mcu.externaltools.gnu-tools-for-stm32.9-2020-q2-update.macos64_2.0.0.202105311346/tools/bin/../lib/gcc/arm-none-eabi/9.3.1/thumb/v7e-m+dp/hard/crti.o
LOAD /Applications/STM32CubeIDE 2.app/Contents/Eclipse/plugins/com.st.stm32cube.ide.mcu.externaltools.gnu-tools-for-stm32.9-2020-q2-update.macos64_2.0.0.202105311346/tools/bin/../lib/gcc/arm-none-eabi/9.3.1/thumb/v7e-m+dp/hard/crtbegin.o
LOAD /Applications/STM32CubeIDE 2.app/Contents/Eclipse/plugins/com.st.stm32cube.ide.mcu.externaltools.gnu-tools-for-stm32.9-2020-q2-update.macos64_2.0.0.202105311346/tools/bin/../lib/gcc/arm-none-eabi/9.3.1/../../../../arm-none-eabi/lib/thumb/v7e-m+dp/hard/crt0.o
LOAD ./Core/Src/main.o
LOAD ./Core/Src/stm32h7xx_hal_msp.o
LOAD ./Core/Src/stm32h7xx_it.o
LOAD ./Core/Src/syscalls.o
LOAD ./Core/Src/sysmem.o
LOAD ./Core/Src/system_stm32h7xx.o
LOAD ./Core/Startup/startup_stm32h743zitx.o
LOAD ./Drivers/STM32H7xx_HAL_Driver/Src/stm32h7xx_hal.o
LOAD ./Drivers/STM32H7xx_HAL_Driver/Src/stm32h7xx_hal_cortex.o
LOAD ./Drivers/STM32H7xx_HAL_Driver/Src/stm32h7xx_hal_dma.o
LOAD ./Drivers/STM32H7xx_HAL_Driver/Src/stm32h7xx_hal_dma_ex.o
LOAD ./Drivers/STM32H7xx_HAL_Driver/Src/stm32h7xx_hal_exti.o
LOAD ./Drivers/STM32H7xx_HAL_Driver/Src/stm32h7xx_hal_flash.o
LOAD ./Drivers/STM32H7xx_HAL_Driver/Src/stm32h7xx_hal_flash_ex.o
LOAD ./Drivers/STM32H7xx_HAL_Driver/Src/stm32h7xx_hal_gpio.o
LOAD ./Drivers/STM32H7xx_HAL_Driver/Src/stm32h7xx_hal_hsem.o
LOAD ./Drivers/STM32H7xx_HAL_Driver/Src/stm32h7xx_hal_i2c.o
LOAD ./Drivers/STM32H7xx_HAL_Driver/Src/stm32h7xx_hal_i2c_ex.o
LOAD ./Drivers/STM32H7xx_HAL_Driver/Src/stm32h7xx_hal_mdma.o
LOAD ./Drivers/STM32H7xx_HAL_Driver/Src/stm32h7xx_hal_pcd.o
LOAD ./Drivers/STM32H7xx_HAL_Driver/Src/stm32h7xx_hal_pcd_ex.o
LOAD ./Drivers/STM32H7xx_HAL_Driver/Src/stm32h7xx_hal_pwr.o
LOAD ./Drivers/STM32H7xx_HAL_Driver/Src/stm32h7xx_hal_pwr_ex.o
LOAD ./Drivers/STM32H7xx_HAL_Driver/Src/stm32h7xx_hal_rcc.o
LOAD ./Drivers/STM32H7xx_HAL_Driver/Src/stm32h7xx_hal_rcc_ex.o
LOAD ./Drivers/STM32H7xx_HAL_Driver/Src/stm32h7xx_hal_tim.o
LOAD ./Drivers/STM32H7xx_HAL_Driver/Src/stm32h7xx_hal_tim_ex.o
LOAD ./Drivers/STM32H7xx_HAL_Driver/Src/stm32h7xx_hal_uart.o
LOAD ./Drivers/STM32H7xx_HAL_Driver/Src/stm32h7xx_hal_uart_ex.o
LOAD ./Drivers/STM32H7xx_HAL_Driver/Src/stm32h7xx_ll_usb.o
START GROUP
LOAD /Applications/STM32CubeIDE 2.app/Contents/Eclipse/plugins/com.st.stm32cube.ide.mcu.externaltools.gnu-tools-for-stm32.9-2020-q2-update.macos64_2.0.0.202105311346/tools/bin/../lib/gcc/arm-none-eabi/9.3.1/../../../../arm-none-eabi/lib/thumb/v7e-m+dp/hard/libc_nano.a
LOAD /Applications/STM32CubeIDE 2.app/Contents/Eclipse/plugins/com.st.stm32cube.ide.mcu.externaltools.gnu-tools-for-stm32.9-2020-q2-update.macos64_2.0.0.202105311346/tools/bin/../lib/gcc/arm-none-eabi/9.3.1/../../../../arm-none-eabi/lib/thumb/v7e-m+dp/hard/libm.a
END GROUP
START GROUP
LOAD /Applications/STM32CubeIDE 2.app/Contents/Eclipse/plugins/com.st.stm32cube.ide.mcu.externaltools.gnu-tools-for-stm32.9-2020-q2-update.macos64_2.0.0.202105311346/tools/bin/../lib/gcc/arm-none-eabi/9.3.1/thumb/v7e-m+dp/hard/libgcc.a
LOAD /Applications/STM32CubeIDE 2.app/Contents/Eclipse/plugins/com.st.stm32cube.ide.mcu.externaltools.gnu-tools-for-stm32.9-2020-q2-update.macos64_2.0.0.202105311346/tools/bin/../lib/gcc/arm-none-eabi/9.3.1/../../../../arm-none-eabi/lib/thumb/v7e-m+dp/hard/libc_nano.a
END GROUP
START GROUP
LOAD /Applications/STM32CubeIDE 2.app/Contents/Eclipse/plugins/com.st.stm32cube.ide.mcu.externaltools.gnu-tools-for-stm32.9-2020-q2-update.macos64_2.0.0.202105311346/tools/bin/../lib/gcc/arm-none-eabi/9.3.1/thumb/v7e-m+dp/hard/libgcc.a
LOAD /Applications/STM32CubeIDE 2.app/Contents/Eclipse/plugins/com.st.stm32cube.ide.mcu.externaltools.gnu-tools-for-stm32.9-2020-q2-update.macos64_2.0.0.202105311346/tools/bin/../lib/gcc/arm-none-eabi/9.3.1/../../../../arm-none-eabi/lib/thumb/v7e-m+dp/hard/libc_nano.a
LOAD /Applications/STM32CubeIDE 2.app/Contents/Eclipse/plugins/com.st.stm32cube.ide.mcu.externaltools.gnu-tools-for-stm32.9-2020-q2-update.macos64_2.0.0.202105311346/tools/bin/../lib/gcc/arm-none-eabi/9.3.1/../../../../arm-none-eabi/lib/thumb/v7e-m+dp/hard/libnosys.a
END GROUP
START GROUP
LOAD /Applications/STM32CubeIDE 2.app/Contents/Eclipse/plugins/com.st.stm32cube.ide.mcu.externaltools.gnu-tools-for-stm32.9-2020-q2-update.macos64_2.0.0.202105311346/tools/bin/../lib/gcc/arm-none-eabi/9.3.1/thumb/v7e-m+dp/hard/libgcc.a
LOAD /Applications/STM32CubeIDE 2.app/Contents/Eclipse/plugins/com.st.stm32cube.ide.mcu.externaltools.gnu-tools-for-stm32.9-2020-q2-update.macos64_2.0.0.202105311346/tools/bin/../lib/gcc/arm-none-eabi/9.3.1/../../../../arm-none-eabi/lib/thumb/v7e-m+dp/hard/libc_nano.a
LOAD /Applications/STM32CubeIDE 2.app/Contents/Eclipse/plugins/com.st.stm32cube.ide.mcu.externaltools.gnu-tools-for-stm32.9-2020-q2-update.macos64_2.0.0.202105311346/tools/bin/../lib/gcc/arm-none-eabi/9.3.1/../../../../arm-none-eabi/lib/thumb/v7e-m+dp/hard/libnosys.a
END GROUP
LOAD /Applications/STM32CubeIDE 2.app/Contents/Eclipse/plugins/com.st.stm32cube.ide.mcu.externaltools.gnu-tools-for-stm32.9-2020-q2-update.macos64_2.0.0.202105311346/tools/bin/../lib/gcc/arm-none-eabi/9.3.1/thumb/v7e-m+dp/hard/crtend.o
LOAD /Applications/STM32CubeIDE 2.app/Contents/Eclipse/plugins/com.st.stm32cube.ide.mcu.externaltools.gnu-tools-for-stm32.9-2020-q2-update.macos64_2.0.0.202105311346/tools/bin/../lib/gcc/arm-none-eabi/9.3.1/thumb/v7e-m+dp/hard/crtn.o
                0x0000000024080000                _estack = (ORIGIN (RAM_D1) + LENGTH (RAM_D1))
                0x0000000000000200                _Min_Heap_Size = 0x200
                0x0000000000000400                _Min_Stack_Size = 0x400

.isr_vector     0x0000000008000000      0x298
                0x0000000008000000                . = ALIGN (0x4)
 *(.isr_vector)
 .isr_vector    0x0000000008000000      0x298 ./Core/Startup/startup_stm32h743zitx.o
                0x0000000008000000                g_pfnVectors
                0x0000000008000298                . = ALIGN (0x4)

.text           0x0000000008000298     0x575c
                0x0000000008000298                . = ALIGN (0x4)
 *(.text)
 .text          0x0000000008000298       0x40 /Applications/STM32CubeIDE 2.app/Contents/Eclipse/plugins/com.st.stm32cube.ide.mcu.externaltools.gnu-tools-for-stm32.9-2020-q2-update.macos64_2.0.0.202105311346/tools/bin/../lib/gcc/arm-none-eabi/9.3.1/thumb/v7e-m+dp/hard/crtbegin.o
 .text          0x00000000080002d8       0x30 /Applications/STM32CubeIDE 2.app/Contents/Eclipse/plugins/com.st.stm32cube.ide.mcu.externaltools.gnu-tools-for-stm32.9-2020-q2-update.macos64_2.0.0.202105311346/tools/bin/../lib/gcc/arm-none-eabi/9.3.1/thumb/v7e-m+dp/hard/libgcc.a(_aeabi_uldivmod.o)
                0x00000000080002d8                __aeabi_uldivmod
 .text          0x0000000008000308      0x2c4 /Applications/STM32CubeIDE 2.app/Contents/Eclipse/plugins/com.st.stm32cube.ide.mcu.externaltools.gnu-tools-for-stm32.9-2020-q2-update.macos64_2.0.0.202105311346/tools/bin/../lib/gcc/arm-none-eabi/9.3.1/thumb/v7e-m+dp/hard/libgcc.a(_udivmoddi4.o)
                0x0000000008000308                __udivmoddi4
 .text          0x00000000080005cc        0x4 /Applications/STM32CubeIDE 2.app/Contents/Eclipse/plugins/com.st.stm32cube.ide.mcu.externaltools.gnu-tools-for-stm32.9-2020-q2-update.macos64_2.0.0.202105311346/tools/bin/../lib/gcc/arm-none-eabi/9.3.1/thumb/v7e-m+dp/hard/libgcc.a(_dvmd_tls.o)
                0x00000000080005cc                __aeabi_ldiv0
                0x00000000080005cc                __aeabi_idiv0
 *(.text*)
 .text.main     0x00000000080005d0       0x30 ./Core/Src/main.o
                0x00000000080005d0                main
 .text.SystemClock_Config
                0x0000000008000600       0xf4 ./Core/Src/main.o
                0x0000000008000600                SystemClock_Config
 .text.MX_TIM5_Init
                0x00000000080006f4       0xac ./Core/Src/main.o
 .text.MX_USART3_UART_Init
                0x00000000080007a0       0x98 ./Core/Src/main.o
 .text.MX_USB_OTG_FS_PCD_Init
                0x0000000008000838       0x64 ./Core/Src/main.o
 .text.MX_GPIO_Init
                0x000000000800089c      0x1f0 ./Core/Src/main.o
 .text.Error_Handler
                0x0000000008000a8c        0xa ./Core/Src/main.o
                0x0000000008000a8c                Error_Handler
 *fill*         0x0000000008000a96        0x2 
 .text.HAL_MspInit
                0x0000000008000a98       0x34 ./Core/Src/stm32h7xx_hal_msp.o
                0x0000000008000a98                HAL_MspInit
 .text.HAL_TIM_Encoder_MspInit
                0x0000000008000acc       0x94 ./Core/Src/stm32h7xx_hal_msp.o
                0x0000000008000acc                HAL_TIM_Encoder_MspInit
 .text.HAL_UART_MspInit
                0x0000000008000b60       0xcc ./Core/Src/stm32h7xx_hal_msp.o
                0x0000000008000b60                HAL_UART_MspInit
 .text.HAL_PCD_MspInit
                0x0000000008000c2c       0xf4 ./Core/Src/stm32h7xx_hal_msp.o
                0x0000000008000c2c                HAL_PCD_MspInit
 .text.NMI_Handler
                0x0000000008000d20        0x6 ./Core/Src/stm32h7xx_it.o
                0x0000000008000d20                NMI_Handler
 .text.HardFault_Handler
                0x0000000008000d26        0x6 ./Core/Src/stm32h7xx_it.o
                0x0000000008000d26                HardFault_Handler
 .text.MemManage_Handler
                0x0000000008000d2c        0x6 ./Core/Src/stm32h7xx_it.o
                0x0000000008000d2c                MemManage_Handler
 .text.BusFault_Handler
                0x0000000008000d32        0x6 ./Core/Src/stm32h7xx_it.o
                0x0000000008000d32                BusFault_Handler
 .text.UsageFault_Handler
                0x0000000008000d38        0x6 ./Core/Src/stm32h7xx_it.o
                0x0000000008000d38                UsageFault_Handler
 .text.SVC_Handler
                0x0000000008000d3e        0xe ./Core/Src/stm32h7xx_it.o
                0x0000000008000d3e                SVC_Handler
 .text.DebugMon_Handler
                0x0000000008000d4c        0xe ./Core/Src/stm32h7xx_it.o
                0x0000000008000d4c                DebugMon_Handler
 .text.PendSV_Handler
                0x0000000008000d5a        0xe ./Core/Src/stm32h7xx_it.o
                0x0000000008000d5a                PendSV_Handler
 .text.SysTick_Handler
                0x0000000008000d68        0xc ./Core/Src/stm32h7xx_it.o
                0x0000000008000d68                SysTick_Handler
 .text.SystemInit
                0x0000000008000d74      0x110 ./Core/Src/system_stm32h7xx.o
                0x0000000008000d74                SystemInit
 .text.Reset_Handler
                0x0000000008000e84       0x50 ./Core/Startup/startup_stm32h743zitx.o
                0x0000000008000e84                Reset_Handler
 .text.Default_Handler
                0x0000000008000ed4        0x2 ./Core/Startup/startup_stm32h743zitx.o
                0x0000000008000ed4                DMA1_Stream3_IRQHandler
                0x0000000008000ed4                EXTI2_IRQHandler
                0x0000000008000ed4                TIM8_CC_IRQHandler
                0x0000000008000ed4                HRTIM1_Master_IRQHandler
                0x0000000008000ed4                UART8_IRQHandler
                0x0000000008000ed4                SPI4_IRQHandler
                0x0000000008000ed4                TIM1_CC_IRQHandler
                0x0000000008000ed4                BDMA_Channel6_IRQHandler
                0x0000000008000ed4                DMA2_Stream5_IRQHandler
                0x0000000008000ed4                HRTIM1_FLT_IRQHandler
                0x0000000008000ed4                JPEG_IRQHandler
                0x0000000008000ed4                DMA1_Stream5_IRQHandler
                0x0000000008000ed4                BDMA_Channel1_IRQHandler
                0x0000000008000ed4                HRTIM1_TIMD_IRQHandler
                0x0000000008000ed4                TAMP_STAMP_IRQHandler
                0x0000000008000ed4                EXTI3_IRQHandler
                0x0000000008000ed4                LPTIM4_IRQHandler
                0x0000000008000ed4                TIM8_TRG_COM_TIM14_IRQHandler
                0x0000000008000ed4                LPTIM2_IRQHandler
                0x0000000008000ed4                DFSDM1_FLT1_IRQHandler
                0x0000000008000ed4                DMAMUX2_OVR_IRQHandler
                0x0000000008000ed4                TIM8_UP_TIM13_IRQHandler
                0x0000000008000ed4                I2C3_ER_IRQHandler
                0x0000000008000ed4                DFSDM1_FLT2_IRQHandler
                0x0000000008000ed4                MDMA_IRQHandler
                0x0000000008000ed4                LPTIM3_IRQHandler
                0x0000000008000ed4                HSEM1_IRQHandler
                0x0000000008000ed4                EXTI0_IRQHandler
                0x0000000008000ed4                I2C2_EV_IRQHandler
                0x0000000008000ed4                DMA1_Stream2_IRQHandler
                0x0000000008000ed4                FPU_IRQHandler
                0x0000000008000ed4                OTG_HS_WKUP_IRQHandler
                0x0000000008000ed4                FDCAN1_IT1_IRQHandler
                0x0000000008000ed4                LTDC_ER_IRQHandler
                0x0000000008000ed4                DMA2_Stream2_IRQHandler
                0x0000000008000ed4                HRTIM1_TIME_IRQHandler
                0x0000000008000ed4                SPI1_IRQHandler
                0x0000000008000ed4                TIM6_DAC_IRQHandler
                0x0000000008000ed4                DCMI_IRQHandler
                0x0000000008000ed4                HRTIM1_TIMC_IRQHandler
                0x0000000008000ed4                DMA2_Stream3_IRQHandler
                0x0000000008000ed4                SAI2_IRQHandler
                0x0000000008000ed4                DFSDM1_FLT3_IRQHandler
                0x0000000008000ed4                USART6_IRQHandler
                0x0000000008000ed4                TIM17_IRQHandler
                0x0000000008000ed4                USART3_IRQHandler
                0x0000000008000ed4                BDMA_Channel7_IRQHandler
                0x0000000008000ed4                LPTIM5_IRQHandler
                0x0000000008000ed4                UART5_IRQHandler
                0x0000000008000ed4                ADC3_IRQHandler
                0x0000000008000ed4                DMA2_Stream0_IRQHandler
                0x0000000008000ed4                TIM4_IRQHandler
                0x0000000008000ed4                BDMA_Channel2_IRQHandler
                0x0000000008000ed4                QUADSPI_IRQHandler
                0x0000000008000ed4                I2C1_EV_IRQHandler
                0x0000000008000ed4                DMA1_Stream6_IRQHandler
                0x0000000008000ed4                DMAMUX1_OVR_IRQHandler
                0x0000000008000ed4                DMA1_Stream1_IRQHandler
                0x0000000008000ed4                TIM16_IRQHandler
                0x0000000008000ed4                UART4_IRQHandler
                0x0000000008000ed4                BDMA_Channel5_IRQHandler
                0x0000000008000ed4                TIM3_IRQHandler
                0x0000000008000ed4                RCC_IRQHandler
                0x0000000008000ed4                TIM8_BRK_TIM12_IRQHandler
                0x0000000008000ed4                TIM1_TRG_COM_IRQHandler
                0x0000000008000ed4                Default_Handler
                0x0000000008000ed4                ECC_IRQHandler
                0x0000000008000ed4                CEC_IRQHandler
                0x0000000008000ed4                EXTI15_10_IRQHandler
                0x0000000008000ed4                BDMA_Channel0_IRQHandler
                0x0000000008000ed4                ADC_IRQHandler
                0x0000000008000ed4                DMA1_Stream7_IRQHandler
                0x0000000008000ed4                HRTIM1_TIMA_IRQHandler
                0x0000000008000ed4                SPI5_IRQHandler
                0x0000000008000ed4                TIM7_IRQHandler
                0x0000000008000ed4                SDMMC1_IRQHandler
                0x0000000008000ed4                TIM5_IRQHandler
                0x0000000008000ed4                DMA2_Stream7_IRQHandler
                0x0000000008000ed4                TIM15_IRQHandler
                0x0000000008000ed4                PVD_AVD_IRQHandler
                0x0000000008000ed4                I2C3_EV_IRQHandler
                0x0000000008000ed4                EXTI9_5_IRQHandler
                0x0000000008000ed4                RTC_WKUP_IRQHandler
                0x0000000008000ed4                LTDC_IRQHandler
                0x0000000008000ed4                SAI3_IRQHandler
                0x0000000008000ed4                ETH_WKUP_IRQHandler
                0x0000000008000ed4                SPDIF_RX_IRQHandler
                0x0000000008000ed4                SPI2_IRQHandler
                0x0000000008000ed4                OTG_HS_EP1_IN_IRQHandler
                0x0000000008000ed4                DMA1_Stream0_IRQHandler
                0x0000000008000ed4                CRS_IRQHandler
                0x0000000008000ed4                EXTI4_IRQHandler
                0x0000000008000ed4                RNG_IRQHandler
                0x0000000008000ed4                HRTIM1_TIMB_IRQHandler
                0x0000000008000ed4                FDCAN2_IT1_IRQHandler
                0x0000000008000ed4                ETH_IRQHandler
                0x0000000008000ed4                TIM1_UP_IRQHandler
                0x0000000008000ed4                BDMA_Channel4_IRQHandler
                0x0000000008000ed4                OTG_HS_EP1_OUT_IRQHandler
                0x0000000008000ed4                WWDG_IRQHandler
                0x0000000008000ed4                SPI6_IRQHandler
                0x0000000008000ed4                MDIOS_IRQHandler
                0x0000000008000ed4                I2C4_EV_IRQHandler
                0x0000000008000ed4                FDCAN2_IT0_IRQHandler
                0x0000000008000ed4                LPUART1_IRQHandler
                0x0000000008000ed4                FDCAN1_IT0_IRQHandler
                0x0000000008000ed4                TIM2_IRQHandler
                0x0000000008000ed4                OTG_FS_WKUP_IRQHandler
                0x0000000008000ed4                OTG_HS_IRQHandler
                0x0000000008000ed4                DMA2D_IRQHandler
                0x0000000008000ed4                TIM1_BRK_IRQHandler
                0x0000000008000ed4                EXTI1_IRQHandler
                0x0000000008000ed4                SDMMC2_IRQHandler
                0x0000000008000ed4                OTG_FS_EP1_OUT_IRQHandler
                0x0000000008000ed4                BDMA_Channel3_IRQHandler
                0x0000000008000ed4                UART7_IRQHandler
                0x0000000008000ed4                MDIOS_WKUP_IRQHandler
                0x0000000008000ed4                USART2_IRQHandler
                0x0000000008000ed4                DFSDM1_FLT0_IRQHandler
                0x0000000008000ed4                SAI4_IRQHandler
                0x0000000008000ed4                I2C2_ER_IRQHandler
                0x0000000008000ed4                DMA2_Stream1_IRQHandler
                0x0000000008000ed4                FLASH_IRQHandler
                0x0000000008000ed4                DMA2_Stream4_IRQHandler
                0x0000000008000ed4                USART1_IRQHandler
                0x0000000008000ed4                OTG_FS_IRQHandler
                0x0000000008000ed4                SPI3_IRQHandler
                0x0000000008000ed4                WAKEUP_PIN_IRQHandler
                0x0000000008000ed4                DMA1_Stream4_IRQHandler
                0x0000000008000ed4                OTG_FS_EP1_IN_IRQHandler
                0x0000000008000ed4                I2C1_ER_IRQHandler
                0x0000000008000ed4                FMC_IRQHandler
                0x0000000008000ed4                FDCAN_CAL_IRQHandler
                0x0000000008000ed4                SWPMI1_IRQHandler
                0x0000000008000ed4                COMP1_IRQHandler
                0x0000000008000ed4                LPTIM1_IRQHandler
                0x0000000008000ed4                I2C4_ER_IRQHandler
                0x0000000008000ed4                DMA2_Stream6_IRQHandler
                0x0000000008000ed4                SAI1_IRQHandler
                0x0000000008000ed4                RTC_Alarm_IRQHandler
 *fill*         0x0000000008000ed6        0x2 
 .text.HAL_Init
                0x0000000008000ed8       0x78 ./Drivers/STM32H7xx_HAL_Driver/Src/stm32h7xx_hal.o
                0x0000000008000ed8                HAL_Init
 .text.HAL_InitTick
                0x0000000008000f50       0x6c ./Drivers/STM32H7xx_HAL_Driver/Src/stm32h7xx_hal.o
                0x0000000008000f50                HAL_InitTick
 .text.HAL_IncTick
                0x0000000008000fbc       0x28 ./Drivers/STM32H7xx_HAL_Driver/Src/stm32h7xx_hal.o
                0x0000000008000fbc                HAL_IncTick
 .text.HAL_GetTick
                0x0000000008000fe4       0x18 ./Drivers/STM32H7xx_HAL_Driver/Src/stm32h7xx_hal.o
                0x0000000008000fe4                HAL_GetTick
 .text.HAL_Delay
                0x0000000008000ffc       0x48 ./Drivers/STM32H7xx_HAL_Driver/Src/stm32h7xx_hal.o
                0x0000000008000ffc                HAL_Delay
 .text.HAL_GetREVID
                0x0000000008001044       0x18 ./Drivers/STM32H7xx_HAL_Driver/Src/stm32h7xx_hal.o
                0x0000000008001044                HAL_GetREVID
 .text.__NVIC_SetPriorityGrouping
                0x000000000800105c       0x48 ./Drivers/STM32H7xx_HAL_Driver/Src/stm32h7xx_hal_cortex.o
 .text.__NVIC_GetPriorityGrouping
                0x00000000080010a4       0x1c ./Drivers/STM32H7xx_HAL_Driver/Src/stm32h7xx_hal_cortex.o
 .text.__NVIC_SetPriority
                0x00000000080010c0       0x54 ./Drivers/STM32H7xx_HAL_Driver/Src/stm32h7xx_hal_cortex.o
 .text.NVIC_EncodePriority
                0x0000000008001114       0x66 ./Drivers/STM32H7xx_HAL_Driver/Src/stm32h7xx_hal_cortex.o
 *fill*         0x000000000800117a        0x2 
 .text.SysTick_Config
                0x000000000800117c       0x44 ./Drivers/STM32H7xx_HAL_Driver/Src/stm32h7xx_hal_cortex.o
 .text.HAL_NVIC_SetPriorityGrouping
                0x00000000080011c0       0x16 ./Drivers/STM32H7xx_HAL_Driver/Src/stm32h7xx_hal_cortex.o
                0x00000000080011c0                HAL_NVIC_SetPriorityGrouping
 .text.HAL_NVIC_SetPriority
                0x00000000080011d6       0x34 ./Drivers/STM32H7xx_HAL_Driver/Src/stm32h7xx_hal_cortex.o
                0x00000000080011d6                HAL_NVIC_SetPriority
 .text.HAL_SYSTICK_Config
                0x000000000800120a       0x18 ./Drivers/STM32H7xx_HAL_Driver/Src/stm32h7xx_hal_cortex.o
                0x000000000800120a                HAL_SYSTICK_Config
 *fill*         0x0000000008001222        0x2 
 .text.HAL_GPIO_Init
                0x0000000008001224      0x360 ./Drivers/STM32H7xx_HAL_Driver/Src/stm32h7xx_hal_gpio.o
                0x0000000008001224                HAL_GPIO_Init
 .text.HAL_GPIO_WritePin
                0x0000000008001584       0x32 ./Drivers/STM32H7xx_HAL_Driver/Src/stm32h7xx_hal_gpio.o
                0x0000000008001584                HAL_GPIO_WritePin
 .text.HAL_PCD_Init
                0x00000000080015b6      0x248 ./Drivers/STM32H7xx_HAL_Driver/Src/stm32h7xx_hal_pcd.o
                0x00000000080015b6                HAL_PCD_Init
 *fill*         0x00000000080017fe        0x2 
 .text.HAL_PCDEx_ActivateLPM
                0x0000000008001800       0x48 ./Drivers/STM32H7xx_HAL_Driver/Src/stm32h7xx_hal_pcd_ex.o
                0x0000000008001800                HAL_PCDEx_ActivateLPM
 .text.HAL_PWREx_ConfigSupply
                0x0000000008001848       0x74 ./Drivers/STM32H7xx_HAL_Driver/Src/stm32h7xx_hal_pwr_ex.o
                0x0000000008001848                HAL_PWREx_ConfigSupply
 .text.HAL_PWREx_EnableUSBVoltageDetector
                0x00000000080018bc       0x20 ./Drivers/STM32H7xx_HAL_Driver/Src/stm32h7xx_hal_pwr_ex.o
                0x00000000080018bc                HAL_PWREx_EnableUSBVoltageDetector
 .text.HAL_RCC_OscConfig
                0x00000000080018dc      0x858 ./Drivers/STM32H7xx_HAL_Driver/Src/stm32h7xx_hal_rcc.o
                0x00000000080018dc                HAL_RCC_OscConfig
 .text.HAL_RCC_ClockConfig
                0x0000000008002134      0x36c ./Drivers/STM32H7xx_HAL_Driver/Src/stm32h7xx_hal_rcc.o
                0x0000000008002134                HAL_RCC_ClockConfig
 .text.HAL_RCC_GetSysClockFreq
                0x00000000080024a0      0x2f4 ./Drivers/STM32H7xx_HAL_Driver/Src/stm32h7xx_hal_rcc.o
                0x00000000080024a0                HAL_RCC_GetSysClockFreq
 .text.HAL_RCC_GetHCLKFreq
                0x0000000008002794       0x60 ./Drivers/STM32H7xx_HAL_Driver/Src/stm32h7xx_hal_rcc.o
                0x0000000008002794                HAL_RCC_GetHCLKFreq
 .text.HAL_RCC_GetPCLK1Freq
                0x00000000080027f4       0x2c ./Drivers/STM32H7xx_HAL_Driver/Src/stm32h7xx_hal_rcc.o
                0x00000000080027f4                HAL_RCC_GetPCLK1Freq
 .text.HAL_RCC_GetPCLK2Freq
                0x0000000008002820       0x2c ./Drivers/STM32H7xx_HAL_Driver/Src/stm32h7xx_hal_rcc.o
                0x0000000008002820                HAL_RCC_GetPCLK2Freq
 .text.HAL_RCCEx_PeriphCLKConfig
                0x000000000800284c      0xe80 ./Drivers/STM32H7xx_HAL_Driver/Src/stm32h7xx_hal_rcc_ex.o
                0x000000000800284c                HAL_RCCEx_PeriphCLKConfig
 .text.HAL_RCCEx_GetD3PCLK1Freq
                0x00000000080036cc       0x2c ./Drivers/STM32H7xx_HAL_Driver/Src/stm32h7xx_hal_rcc_ex.o
                0x00000000080036cc                HAL_RCCEx_GetD3PCLK1Freq
 .text.HAL_RCCEx_GetPLL2ClockFreq
                0x00000000080036f8      0x2a8 ./Drivers/STM32H7xx_HAL_Driver/Src/stm32h7xx_hal_rcc_ex.o
                0x00000000080036f8                HAL_RCCEx_GetPLL2ClockFreq
 .text.HAL_RCCEx_GetPLL3ClockFreq
                0x00000000080039a0      0x2a8 ./Drivers/STM32H7xx_HAL_Driver/Src/stm32h7xx_hal_rcc_ex.o
                0x00000000080039a0                HAL_RCCEx_GetPLL3ClockFreq
 .text.RCCEx_PLL2_Config
                0x0000000008003c48      0x164 ./Drivers/STM32H7xx_HAL_Driver/Src/stm32h7xx_hal_rcc_ex.o
 .text.RCCEx_PLL3_Config
                0x0000000008003dac      0x164 ./Drivers/STM32H7xx_HAL_Driver/Src/stm32h7xx_hal_rcc_ex.o
 .text.HAL_TIM_Encoder_Init
                0x0000000008003f10      0x14c ./Drivers/STM32H7xx_HAL_Driver/Src/stm32h7xx_hal_tim.o
                0x0000000008003f10                HAL_TIM_Encoder_Init
 .text.TIM_Base_SetConfig
                0x000000000800405c      0x134 ./Drivers/STM32H7xx_HAL_Driver/Src/stm32h7xx_hal_tim.o
                0x000000000800405c                TIM_Base_SetConfig
 .text.HAL_TIMEx_MasterConfigSynchronization
                0x0000000008004190      0x11c ./Drivers/STM32H7xx_HAL_Driver/Src/stm32h7xx_hal_tim_ex.o
                0x0000000008004190                HAL_TIMEx_MasterConfigSynchronization
 .text.HAL_UART_Init
                0x00000000080042ac       0xa0 ./Drivers/STM32H7xx_HAL_Driver/Src/stm32h7xx_hal_uart.o
                0x00000000080042ac                HAL_UART_Init
 .text.UART_SetConfig
                0x000000000800434c      0xac0 ./Drivers/STM32H7xx_HAL_Driver/Src/stm32h7xx_hal_uart.o
                0x000000000800434c                UART_SetConfig
 .text.UART_AdvFeatureConfig
                0x0000000008004e0c      0x144 ./Drivers/STM32H7xx_HAL_Driver/Src/stm32h7xx_hal_uart.o
                0x0000000008004e0c                UART_AdvFeatureConfig
 .text.UART_CheckIdleState
                0x0000000008004f50       0x96 ./Drivers/STM32H7xx_HAL_Driver/Src/stm32h7xx_hal_uart.o
                0x0000000008004f50                UART_CheckIdleState
 .text.UART_WaitOnFlagUntilTimeout
                0x0000000008004fe6      0x190 ./Drivers/STM32H7xx_HAL_Driver/Src/stm32h7xx_hal_uart.o
                0x0000000008004fe6                UART_WaitOnFlagUntilTimeout
 .text.HAL_UARTEx_DisableFifoMode
                0x0000000008005176       0x72 ./Drivers/STM32H7xx_HAL_Driver/Src/stm32h7xx_hal_uart_ex.o
                0x0000000008005176                HAL_UARTEx_DisableFifoMode
 .text.HAL_UARTEx_SetTxFifoThreshold
                0x00000000080051e8       0x7c ./Drivers/STM32H7xx_HAL_Driver/Src/stm32h7xx_hal_uart_ex.o
                0x00000000080051e8                HAL_UARTEx_SetTxFifoThreshold
 .text.HAL_UARTEx_SetRxFifoThreshold
                0x0000000008005264       0x7c ./Drivers/STM32H7xx_HAL_Driver/Src/stm32h7xx_hal_uart_ex.o
                0x0000000008005264                HAL_UARTEx_SetRxFifoThreshold
 .text.UARTEx_SetNbDataToProcess
                0x00000000080052e0       0x9c ./Drivers/STM32H7xx_HAL_Driver/Src/stm32h7xx_hal_uart_ex.o
 .text.USB_CoreInit
                0x000000000800537c       0xdc ./Drivers/STM32H7xx_HAL_Driver/Src/stm32h7xx_ll_usb.o
                0x000000000800537c                USB_CoreInit
 .text.USB_DisableGlobalInt
                0x0000000008005458       0x22 ./Drivers/STM32H7xx_HAL_Driver/Src/stm32h7xx_ll_usb.o
                0x0000000008005458                USB_DisableGlobalInt
 .text.USB_SetCurrentMode
                0x000000000800547a       0x98 ./Drivers/STM32H7xx_HAL_Driver/Src/stm32h7xx_ll_usb.o
                0x000000000800547a                USB_SetCurrentMode
 *fill*         0x0000000008005512        0x2 
 .text.USB_DevInit
                0x0000000008005514      0x2bc ./Drivers/STM32H7xx_HAL_Driver/Src/stm32h7xx_ll_usb.o
                0x0000000008005514                USB_DevInit
 .text.USB_FlushTxFifo
                0x00000000080057d0       0x64 ./Drivers/STM32H7xx_HAL_Driver/Src/stm32h7xx_ll_usb.o
                0x00000000080057d0                USB_FlushTxFifo
 .text.USB_FlushRxFifo
                0x0000000008005834       0x5c ./Drivers/STM32H7xx_HAL_Driver/Src/stm32h7xx_ll_usb.o
                0x0000000008005834                USB_FlushRxFifo
 .text.USB_SetDevSpeed
                0x0000000008005890       0x32 ./Drivers/STM32H7xx_HAL_Driver/Src/stm32h7xx_ll_usb.o
                0x0000000008005890                USB_SetDevSpeed
 .text.USB_DevDisconnect
                0x00000000080058c2       0x42 ./Drivers/STM32H7xx_HAL_Driver/Src/stm32h7xx_ll_usb.o
                0x00000000080058c2                USB_DevDisconnect
 .text.USB_GetMode
                0x0000000008005904       0x1c ./Drivers/STM32H7xx_HAL_Driver/Src/stm32h7xx_ll_usb.o
                0x0000000008005904                USB_GetMode
 .text.USB_CoreReset
                0x0000000008005920       0x64 ./Drivers/STM32H7xx_HAL_Driver/Src/stm32h7xx_ll_usb.o
 .text.__libc_init_array
                0x0000000008005984       0x48 /Applications/STM32CubeIDE 2.app/Contents/Eclipse/plugins/com.st.stm32cube.ide.mcu.externaltools.gnu-tools-for-stm32.9-2020-q2-update.macos64_2.0.0.202105311346/tools/bin/../lib/gcc/arm-none-eabi/9.3.1/../../../../arm-none-eabi/lib/thumb/v7e-m+dp/hard/libc_nano.a(lib_a-init.o)
                0x0000000008005984                __libc_init_array
 .text.memset   0x00000000080059cc       0x10 /Applications/STM32CubeIDE 2.app/Contents/Eclipse/plugins/com.st.stm32cube.ide.mcu.externaltools.gnu-tools-for-stm32.9-2020-q2-update.macos64_2.0.0.202105311346/tools/bin/../lib/gcc/arm-none-eabi/9.3.1/../../../../arm-none-eabi/lib/thumb/v7e-m+dp/hard/libc_nano.a(lib_a-memset.o)
                0x00000000080059cc                memset
 *(.glue_7)
 .glue_7        0x00000000080059dc        0x0 linker stubs
 *(.glue_7t)
 .glue_7t       0x00000000080059dc        0x0 linker stubs
 *(.eh_frame)
 .eh_frame      0x00000000080059dc        0x0 /Applications/STM32CubeIDE 2.app/Contents/Eclipse/plugins/com.st.stm32cube.ide.mcu.externaltools.gnu-tools-for-stm32.9-2020-q2-update.macos64_2.0.0.202105311346/tools/bin/../lib/gcc/arm-none-eabi/9.3.1/thumb/v7e-m+dp/hard/crtbegin.o
 *(.init)
 .init          0x00000000080059dc        0x4 /Applications/STM32CubeIDE 2.app/Contents/Eclipse/plugins/com.st.stm32cube.ide.mcu.externaltools.gnu-tools-for-stm32.9-2020-q2-update.macos64_2.0.0.202105311346/tools/bin/../lib/gcc/arm-none-eabi/9.3.1/thumb/v7e-m+dp/hard/crti.o
                0x00000000080059dc                _init
 .init          0x00000000080059e0        0x8 /Applications/STM32CubeIDE 2.app/Contents/Eclipse/plugins/com.st.stm32cube.ide.mcu.externaltools.gnu-tools-for-stm32.9-2020-q2-update.macos64_2.0.0.202105311346/tools/bin/../lib/gcc/arm-none-eabi/9.3.1/thumb/v7e-m+dp/hard/crtn.o
 *(.fini)
 .fini          0x00000000080059e8        0x4 /Applications/STM32CubeIDE 2.app/Contents/Eclipse/plugins/com.st.stm32cube.ide.mcu.externaltools.gnu-tools-for-stm32.9-2020-q2-update.macos64_2.0.0.202105311346/tools/bin/../lib/gcc/arm-none-eabi/9.3.1/thumb/v7e-m+dp/hard/crti.o
                0x00000000080059e8                _fini
 .fini          0x00000000080059ec        0x8 /Applications/STM32CubeIDE 2.app/Contents/Eclipse/plugins/com.st.stm32cube.ide.mcu.externaltools.gnu-tools-for-stm32.9-2020-q2-update.macos64_2.0.0.202105311346/tools/bin/../lib/gcc/arm-none-eabi/9.3.1/thumb/v7e-m+dp/hard/crtn.o
                0x00000000080059f4                . = ALIGN (0x4)
                0x00000000080059f4                _etext = .

.vfp11_veneer   0x00000000080059f4        0x0
 .vfp11_veneer  0x00000000080059f4        0x0 linker stubs

.v4_bx          0x00000000080059f4        0x0
 .v4_bx         0x00000000080059f4        0x0 linker stubs

.iplt           0x00000000080059f4        0x0
 .iplt          0x00000000080059f4        0x0 /Applications/STM32CubeIDE 2.app/Contents/Eclipse/plugins/com.st.stm32cube.ide.mcu.externaltools.gnu-tools-for-stm32.9-2020-q2-update.macos64_2.0.0.202105311346/tools/bin/../lib/gcc/arm-none-eabi/9.3.1/thumb/v7e-m+dp/hard/crtbegin.o

.rodata         0x00000000080059f4       0x38
                0x00000000080059f4                . = ALIGN (0x4)
 *(.rodata)
 *(.rodata*)
 .rodata.D1CorePrescTable
                0x00000000080059f4       0x10 ./Core/Src/system_stm32h7xx.o
                0x00000000080059f4                D1CorePrescTable
 .rodata.UARTPrescTable
                0x0000000008005a04       0x18 ./Drivers/STM32H7xx_HAL_Driver/Src/stm32h7xx_hal_uart.o
                0x0000000008005a04                UARTPrescTable
 .rodata.numerator.11353
                0x0000000008005a1c        0x8 ./Drivers/STM32H7xx_HAL_Driver/Src/stm32h7xx_hal_uart_ex.o
 .rodata.denominator.11354
                0x0000000008005a24        0x8 ./Drivers/STM32H7xx_HAL_Driver/Src/stm32h7xx_hal_uart_ex.o
                0x0000000008005a2c                . = ALIGN (0x4)

.ARM.extab
 *(.ARM.extab* .gnu.linkonce.armextab.*)

.ARM            0x0000000008005a2c        0x8
                0x0000000008005a2c                __exidx_start = .
 *(.ARM.exidx*)
 .ARM.exidx     0x0000000008005a2c        0x8 /Applications/STM32CubeIDE 2.app/Contents/Eclipse/plugins/com.st.stm32cube.ide.mcu.externaltools.gnu-tools-for-stm32.9-2020-q2-update.macos64_2.0.0.202105311346/tools/bin/../lib/gcc/arm-none-eabi/9.3.1/thumb/v7e-m+dp/hard/libgcc.a(_udivmoddi4.o)
                0x0000000008005a34                __exidx_end = .

.rel.dyn        0x0000000008005a34        0x0
 .rel.iplt      0x0000000008005a34        0x0 /Applications/STM32CubeIDE 2.app/Contents/Eclipse/plugins/com.st.stm32cube.ide.mcu.externaltools.gnu-tools-for-stm32.9-2020-q2-update.macos64_2.0.0.202105311346/tools/bin/../lib/gcc/arm-none-eabi/9.3.1/thumb/v7e-m+dp/hard/crtbegin.o

.preinit_array  0x0000000008005a34        0x0
                0x0000000008005a34                PROVIDE (__preinit_array_start = .)
 *(.preinit_array*)
                0x0000000008005a34                PROVIDE (__preinit_array_end = .)

.init_array     0x0000000008005a34        0x4
                0x0000000008005a34                PROVIDE (__init_array_start = .)
 *(SORT_BY_NAME(.init_array.*))
 *(.init_array*)
 .init_array    0x0000000008005a34        0x4 /Applications/STM32CubeIDE 2.app/Contents/Eclipse/plugins/com.st.stm32cube.ide.mcu.externaltools.gnu-tools-for-stm32.9-2020-q2-update.macos64_2.0.0.202105311346/tools/bin/../lib/gcc/arm-none-eabi/9.3.1/thumb/v7e-m+dp/hard/crtbegin.o
                0x0000000008005a38                PROVIDE (__init_array_end = .)

.fini_array     0x0000000008005a38        0x4
                [!provide]                        PROVIDE (__fini_array_start = .)
 *(SORT_BY_NAME(.fini_array.*))
 *(.fini_array*)
 .fini_array    0x0000000008005a38        0x4 /Applications/STM32CubeIDE 2.app/Contents/Eclipse/plugins/com.st.stm32cube.ide.mcu.externaltools.gnu-tools-for-stm32.9-2020-q2-update.macos64_2.0.0.202105311346/tools/bin/../lib/gcc/arm-none-eabi/9.3.1/thumb/v7e-m+dp/hard/crtbegin.o
                [!provide]                        PROVIDE (__fini_array_end = .)
                0x0000000008005a3c                _sidata = LOADADDR (.data)

.data           0x0000000024000000       0x10 load address 0x0000000008005a3c
                0x0000000024000000                . = ALIGN (0x4)
                0x0000000024000000                _sdata = .
 *(.data)
 *(.data*)
 .data.SystemCoreClock
                0x0000000024000000        0x4 ./Core/Src/system_stm32h7xx.o
                0x0000000024000000                SystemCoreClock
 .data.SystemD2Clock
                0x0000000024000004        0x4 ./Core/Src/system_stm32h7xx.o
                0x0000000024000004                SystemD2Clock
 .data.uwTickPrio
                0x0000000024000008        0x4 ./Drivers/STM32H7xx_HAL_Driver/Src/stm32h7xx_hal.o
                0x0000000024000008                uwTickPrio
 .data.uwTickFreq
                0x000000002400000c        0x1 ./Drivers/STM32H7xx_HAL_Driver/Src/stm32h7xx_hal.o
                0x000000002400000c                uwTickFreq
 *(.RamFunc)
 *(.RamFunc*)
                0x0000000024000010                . = ALIGN (0x4)
 *fill*         0x000000002400000d        0x3 
                0x0000000024000010                _edata = .

.igot.plt       0x0000000024000010        0x0 load address 0x0000000008005a4c
 .igot.plt      0x0000000024000010        0x0 /Applications/STM32CubeIDE 2.app/Contents/Eclipse/plugins/com.st.stm32cube.ide.mcu.externaltools.gnu-tools-for-stm32.9-2020-q2-update.macos64_2.0.0.202105311346/tools/bin/../lib/gcc/arm-none-eabi/9.3.1/thumb/v7e-m+dp/hard/crtbegin.o
                0x0000000024000010                . = ALIGN (0x4)

.bss            0x0000000024000010      0x508 load address 0x0000000008005a4c
                0x0000000024000010                _sbss = .
                0x0000000024000010                __bss_start__ = _sbss
 *(.bss)
 .bss           0x0000000024000010       0x1c /Applications/STM32CubeIDE 2.app/Contents/Eclipse/plugins/com.st.stm32cube.ide.mcu.externaltools.gnu-tools-for-stm32.9-2020-q2-update.macos64_2.0.0.202105311346/tools/bin/../lib/gcc/arm-none-eabi/9.3.1/thumb/v7e-m+dp/hard/crtbegin.o
 *(.bss*)
 .bss.a         0x000000002400002c        0x4 ./Core/Src/main.o
                0x000000002400002c                a
 *(COMMON)
 COMMON         0x0000000024000030      0x4e4 ./Core/Src/main.o
                0x0000000024000030                huart3
                0x00000000240000c0                hpcd_USB_OTG_FS
                0x00000000240004c8                htim5
 COMMON         0x0000000024000514        0x4 ./Drivers/STM32H7xx_HAL_Driver/Src/stm32h7xx_hal.o
                0x0000000024000514                uwTick
                0x0000000024000518                . = ALIGN (0x4)
                0x0000000024000518                _ebss = .
                0x0000000024000518                __bss_end__ = _ebss

._user_heap_stack
                0x0000000024000518      0x600 load address 0x0000000008005a4c
                0x0000000024000518                . = ALIGN (0x8)
                [!provide]                        PROVIDE (end = .)
                0x0000000024000518                PROVIDE (_end = .)
                0x0000000024000718                . = (. + _Min_Heap_Size)
 *fill*         0x0000000024000518      0x200 
                0x0000000024000b18                . = (. + _Min_Stack_Size)
 *fill*         0x0000000024000718      0x400 
                0x0000000024000b18                . = ALIGN (0x8)

/DISCARD/
 libc.a(*)
 libm.a(*)
 libgcc.a(*)

.ARM.attributes
                0x0000000000000000       0x2e
 *(.ARM.attributes)
 .ARM.attributes
                0x0000000000000000       0x1e /Applications/STM32CubeIDE 2.app/Contents/Eclipse/plugins/com.st.stm32cube.ide.mcu.externaltools.gnu-tools-for-stm32.9-2020-q2-update.macos64_2.0.0.202105311346/tools/bin/../lib/gcc/arm-none-eabi/9.3.1/thumb/v7e-m+dp/hard/crti.o
 .ARM.attributes
                0x000000000000001e       0x32 /Applications/STM32CubeIDE 2.app/Contents/Eclipse/plugins/com.st.stm32cube.ide.mcu.externaltools.gnu-tools-for-stm32.9-2020-q2-update.macos64_2.0.0.202105311346/tools/bin/../lib/gcc/arm-none-eabi/9.3.1/thumb/v7e-m+dp/hard/crtbegin.o
 .ARM.attributes
                0x0000000000000050       0x32 ./Core/Src/main.o
 .ARM.attributes
                0x0000000000000082       0x32 ./Core/Src/stm32h7xx_hal_msp.o
 .ARM.attributes
                0x00000000000000b4       0x32 ./Core/Src/stm32h7xx_it.o
 .ARM.attributes
                0x00000000000000e6       0x32 ./Core/Src/system_stm32h7xx.o
 .ARM.attributes
                0x0000000000000118       0x21 ./Core/Startup/startup_stm32h743zitx.o
 .ARM.attributes
                0x0000000000000139       0x32 ./Drivers/STM32H7xx_HAL_Driver/Src/stm32h7xx_hal.o
 .ARM.attributes
                0x000000000000016b       0x32 ./Drivers/STM32H7xx_HAL_Driver/Src/stm32h7xx_hal_cortex.o
 .ARM.attributes
                0x000000000000019d       0x32 ./Drivers/STM32H7xx_HAL_Driver/Src/stm32h7xx_hal_gpio.o
 .ARM.attributes
                0x00000000000001cf       0x32 ./Drivers/STM32H7xx_HAL_Driver/Src/stm32h7xx_hal_pcd.o
 .ARM.attributes
                0x0000000000000201       0x32 ./Drivers/STM32H7xx_HAL_Driver/Src/stm32h7xx_hal_pcd_ex.o
 .ARM.attributes
                0x0000000000000233       0x32 ./Drivers/STM32H7xx_HAL_Driver/Src/stm32h7xx_hal_pwr_ex.o
 .ARM.attributes
                0x0000000000000265       0x32 ./Drivers/STM32H7xx_HAL_Driver/Src/stm32h7xx_hal_rcc.o
 .ARM.attributes
                0x0000000000000297       0x32 ./Drivers/STM32H7xx_HAL_Driver/Src/stm32h7xx_hal_rcc_ex.o
 .ARM.attributes
                0x00000000000002c9       0x32 ./Drivers/STM32H7xx_HAL_Driver/Src/stm32h7xx_hal_tim.o
 .ARM.attributes
                0x00000000000002fb       0x32 ./Drivers/STM32H7xx_HAL_Driver/Src/stm32h7xx_hal_tim_ex.o
 .ARM.attributes
                0x000000000000032d       0x32 ./Drivers/STM32H7xx_HAL_Driver/Src/stm32h7xx_hal_uart.o
 .ARM.attributes
                0x000000000000035f       0x32 ./Drivers/STM32H7xx_HAL_Driver/Src/stm32h7xx_hal_uart_ex.o
 .ARM.attributes
                0x0000000000000391       0x32 ./Drivers/STM32H7xx_HAL_Driver/Src/stm32h7xx_ll_usb.o
 .ARM.attributes
                0x00000000000003c3       0x32 /Applications/STM32CubeIDE 2.app/Contents/Eclipse/plugins/com.st.stm32cube.ide.mcu.externaltools.gnu-tools-for-stm32.9-2020-q2-update.macos64_2.0.0.202105311346/tools/bin/../lib/gcc/arm-none-eabi/9.3.1/../../../../arm-none-eabi/lib/thumb/v7e-m+dp/hard/libc_nano.a(lib_a-init.o)
 .ARM.attributes
                0x00000000000003f5       0x32 /Applications/STM32CubeIDE 2.app/Contents/Eclipse/plugins/com.st.stm32cube.ide.mcu.externaltools.gnu-tools-for-stm32.9-2020-q2-update.macos64_2.0.0.202105311346/tools/bin/../lib/gcc/arm-none-eabi/9.3.1/../../../../arm-none-eabi/lib/thumb/v7e-m+dp/hard/libc_nano.a(lib_a-memset.o)
 .ARM.attributes
                0x0000000000000427       0x1e /Applications/STM32CubeIDE 2.app/Contents/Eclipse/plugins/com.st.stm32cube.ide.mcu.externaltools.gnu-tools-for-stm32.9-2020-q2-update.macos64_2.0.0.202105311346/tools/bin/../lib/gcc/arm-none-eabi/9.3.1/thumb/v7e-m+dp/hard/libgcc.a(_aeabi_uldivmod.o)
 .ARM.attributes
                0x0000000000000445       0x32 /Applications/STM32CubeIDE 2.app/Contents/Eclipse/plugins/com.st.stm32cube.ide.mcu.externaltools.gnu-tools-for-stm32.9-2020-q2-update.macos64_2.0.0.202105311346/tools/bin/../lib/gcc/arm-none-eabi/9.3.1/thumb/v7e-m+dp/hard/libgcc.a(_udivmoddi4.o)
 .ARM.attributes
                0x0000000000000477       0x1e /Applications/STM32CubeIDE 2.app/Contents/Eclipse/plugins/com.st.stm32cube.ide.mcu.externaltools.gnu-tools-for-stm32.9-2020-q2-update.macos64_2.0.0.202105311346/tools/bin/../lib/gcc/arm-none-eabi/9.3.1/thumb/v7e-m+dp/hard/libgcc.a(_dvmd_tls.o)
 .ARM.attributes
                0x0000000000000495       0x1e /Applications/STM32CubeIDE 2.app/Contents/Eclipse/plugins/com.st.stm32cube.ide.mcu.externaltools.gnu-tools-for-stm32.9-2020-q2-update.macos64_2.0.0.202105311346/tools/bin/../lib/gcc/arm-none-eabi/9.3.1/thumb/v7e-m+dp/hard/crtn.o
OUTPUT(test.elf elf32-littlearm)
LOAD linker stubs
LOAD /Applications/STM32CubeIDE 2.app/Contents/Eclipse/plugins/com.st.stm32cube.ide.mcu.externaltools.gnu-tools-for-stm32.9-2020-q2-update.macos64_2.0.0.202105311346/tools/bin/../lib/gcc/arm-none-eabi/9.3.1/../../../../arm-none-eabi/lib/thumb/v7e-m+dp/hard/libc.a
LOAD /Applications/STM32CubeIDE 2.app/Contents/Eclipse/plugins/com.st.stm32cube.ide.mcu.externaltools.gnu-tools-for-stm32.9-2020-q2-update.macos64_2.0.0.202105311346/tools/bin/../lib/gcc/arm-none-eabi/9.3.1/../../../../arm-none-eabi/lib/thumb/v7e-m+dp/hard/libm.a
LOAD /Applications/STM32CubeIDE 2.app/Contents/Eclipse/plugins/com.st.stm32cube.ide.mcu.externaltools.gnu-tools-for-stm32.9-2020-q2-update.macos64_2.0.0.202105311346/tools/bin/../lib/gcc/arm-none-eabi/9.3.1/thumb/v7e-m+dp/hard/libgcc.a

.debug_info     0x0000000000000000    0x23388
 .debug_info    0x0000000000000000     0x26ed ./Core/Src/main.o
 .debug_info    0x00000000000026ed     0x2449 ./Core/Src/stm32h7xx_hal_msp.o
 .debug_info    0x0000000000004b36      0xc21 ./Core/Src/stm32h7xx_it.o
 .debug_info    0x0000000000005757     0x1787 ./Core/Src/system_stm32h7xx.o
 .debug_info    0x0000000000006ede       0x22 ./Core/Startup/startup_stm32h743zitx.o
 .debug_info    0x0000000000006f00     0x1f9d ./Drivers/STM32H7xx_HAL_Driver/Src/stm32h7xx_hal.o
 .debug_info    0x0000000000008e9d     0x1c13 ./Drivers/STM32H7xx_HAL_Driver/Src/stm32h7xx_hal_cortex.o
 .debug_info    0x000000000000aab0     0x17e6 ./Drivers/STM32H7xx_HAL_Driver/Src/stm32h7xx_hal_gpio.o
 .debug_info    0x000000000000c296     0x1d2d ./Drivers/STM32H7xx_HAL_Driver/Src/stm32h7xx_hal_pcd.o
 .debug_info    0x000000000000dfc3     0x1331 ./Drivers/STM32H7xx_HAL_Driver/Src/stm32h7xx_hal_pcd_ex.o
 .debug_info    0x000000000000f2f4     0x1b45 ./Drivers/STM32H7xx_HAL_Driver/Src/stm32h7xx_hal_pwr_ex.o
 .debug_info    0x0000000000010e39     0x1951 ./Drivers/STM32H7xx_HAL_Driver/Src/stm32h7xx_hal_rcc.o
 .debug_info    0x000000000001278a     0x1d00 ./Drivers/STM32H7xx_HAL_Driver/Src/stm32h7xx_hal_rcc_ex.o
 .debug_info    0x000000000001448a     0x37ca ./Drivers/STM32H7xx_HAL_Driver/Src/stm32h7xx_hal_tim.o
 .debug_info    0x0000000000017c54     0x225f ./Drivers/STM32H7xx_HAL_Driver/Src/stm32h7xx_hal_tim_ex.o
 .debug_info    0x0000000000019eb3     0x558a ./Drivers/STM32H7xx_HAL_Driver/Src/stm32h7xx_hal_uart.o
 .debug_info    0x000000000001f43d     0x19a9 ./Drivers/STM32H7xx_HAL_Driver/Src/stm32h7xx_hal_uart_ex.o
 .debug_info    0x0000000000020de6     0x25a2 ./Drivers/STM32H7xx_HAL_Driver/Src/stm32h7xx_ll_usb.o

.debug_abbrev   0x0000000000000000     0x340a
 .debug_abbrev  0x0000000000000000      0x353 ./Core/Src/main.o
 .debug_abbrev  0x0000000000000353      0x2b6 ./Core/Src/stm32h7xx_hal_msp.o
 .debug_abbrev  0x0000000000000609      0x1ef ./Core/Src/stm32h7xx_it.o
 .debug_abbrev  0x00000000000007f8      0x262 ./Core/Src/system_stm32h7xx.o
 .debug_abbrev  0x0000000000000a5a       0x12 ./Core/Startup/startup_stm32h743zitx.o
 .debug_abbrev  0x0000000000000a6c      0x31b ./Drivers/STM32H7xx_HAL_Driver/Src/stm32h7xx_hal.o
 .debug_abbrev  0x0000000000000d87      0x409 ./Drivers/STM32H7xx_HAL_Driver/Src/stm32h7xx_hal_cortex.o
 .debug_abbrev  0x0000000000001190      0x2cb ./Drivers/STM32H7xx_HAL_Driver/Src/stm32h7xx_hal_gpio.o
 .debug_abbrev  0x000000000000145b      0x33a ./Drivers/STM32H7xx_HAL_Driver/Src/stm32h7xx_hal_pcd.o
 .debug_abbrev  0x0000000000001795      0x2e0 ./Drivers/STM32H7xx_HAL_Driver/Src/stm32h7xx_hal_pcd_ex.o
 .debug_abbrev  0x0000000000001a75      0x350 ./Drivers/STM32H7xx_HAL_Driver/Src/stm32h7xx_hal_pwr_ex.o
 .debug_abbrev  0x0000000000001dc5      0x322 ./Drivers/STM32H7xx_HAL_Driver/Src/stm32h7xx_hal_rcc.o
 .debug_abbrev  0x00000000000020e7      0x31d ./Drivers/STM32H7xx_HAL_Driver/Src/stm32h7xx_hal_rcc_ex.o
 .debug_abbrev  0x0000000000002404      0x2f9 ./Drivers/STM32H7xx_HAL_Driver/Src/stm32h7xx_hal_tim.o
 .debug_abbrev  0x00000000000026fd      0x301 ./Drivers/STM32H7xx_HAL_Driver/Src/stm32h7xx_hal_tim_ex.o
 .debug_abbrev  0x00000000000029fe      0x37d ./Drivers/STM32H7xx_HAL_Driver/Src/stm32h7xx_hal_uart.o
 .debug_abbrev  0x0000000000002d7b      0x33d ./Drivers/STM32H7xx_HAL_Driver/Src/stm32h7xx_hal_uart_ex.o
 .debug_abbrev  0x00000000000030b8      0x352 ./Drivers/STM32H7xx_HAL_Driver/Src/stm32h7xx_ll_usb.o

.debug_aranges  0x0000000000000000     0x12c8
 .debug_aranges
                0x0000000000000000       0x50 ./Core/Src/main.o
 .debug_aranges
                0x0000000000000050       0x50 ./Core/Src/stm32h7xx_hal_msp.o
 .debug_aranges
                0x00000000000000a0       0x60 ./Core/Src/stm32h7xx_it.o
 .debug_aranges
                0x0000000000000100       0x28 ./Core/Src/system_stm32h7xx.o
 .debug_aranges
                0x0000000000000128       0x28 ./Core/Startup/startup_stm32h743zitx.o
 .debug_aranges
                0x0000000000000150      0x198 ./Drivers/STM32H7xx_HAL_Driver/Src/stm32h7xx_hal.o
 .debug_aranges
                0x00000000000002e8      0x120 ./Drivers/STM32H7xx_HAL_Driver/Src/stm32h7xx_hal_cortex.o
 .debug_aranges
                0x0000000000000408       0x58 ./Drivers/STM32H7xx_HAL_Driver/Src/stm32h7xx_hal_gpio.o
 .debug_aranges
                0x0000000000000460      0x140 ./Drivers/STM32H7xx_HAL_Driver/Src/stm32h7xx_hal_pcd.o
 .debug_aranges
                0x00000000000005a0       0x60 ./Drivers/STM32H7xx_HAL_Driver/Src/stm32h7xx_hal_pcd_ex.o
 .debug_aranges
                0x0000000000000600      0x158 ./Drivers/STM32H7xx_HAL_Driver/Src/stm32h7xx_hal_pwr_ex.o
 .debug_aranges
                0x0000000000000758       0x88 ./Drivers/STM32H7xx_HAL_Driver/Src/stm32h7xx_hal_rcc.o
 .debug_aranges
                0x00000000000007e0       0xf8 ./Drivers/STM32H7xx_HAL_Driver/Src/stm32h7xx_hal_rcc_ex.o
 .debug_aranges
                0x00000000000008d8      0x3e0 ./Drivers/STM32H7xx_HAL_Driver/Src/stm32h7xx_hal_tim.o
 .debug_aranges
                0x0000000000000cb8      0x188 ./Drivers/STM32H7xx_HAL_Driver/Src/stm32h7xx_hal_tim_ex.o
 .debug_aranges
                0x0000000000000e40      0x248 ./Drivers/STM32H7xx_HAL_Driver/Src/stm32h7xx_hal_uart.o
 .debug_aranges
                0x0000000000001088       0xa0 ./Drivers/STM32H7xx_HAL_Driver/Src/stm32h7xx_hal_uart_ex.o
 .debug_aranges
                0x0000000000001128      0x1a0 ./Drivers/STM32H7xx_HAL_Driver/Src/stm32h7xx_ll_usb.o

.debug_ranges   0x0000000000000000     0x11e0
 .debug_ranges  0x0000000000000000       0x40 ./Core/Src/main.o
 .debug_ranges  0x0000000000000040       0x40 ./Core/Src/stm32h7xx_hal_msp.o
 .debug_ranges  0x0000000000000080       0x50 ./Core/Src/stm32h7xx_it.o
 .debug_ranges  0x00000000000000d0       0x18 ./Core/Src/system_stm32h7xx.o
 .debug_ranges  0x00000000000000e8       0x20 ./Core/Startup/startup_stm32h743zitx.o
 .debug_ranges  0x0000000000000108      0x188 ./Drivers/STM32H7xx_HAL_Driver/Src/stm32h7xx_hal.o
 .debug_ranges  0x0000000000000290      0x110 ./Drivers/STM32H7xx_HAL_Driver/Src/stm32h7xx_hal_cortex.o
 .debug_ranges  0x00000000000003a0       0x48 ./Drivers/STM32H7xx_HAL_Driver/Src/stm32h7xx_hal_gpio.o
 .debug_ranges  0x00000000000003e8      0x130 ./Drivers/STM32H7xx_HAL_Driver/Src/stm32h7xx_hal_pcd.o
 .debug_ranges  0x0000000000000518       0x50 ./Drivers/STM32H7xx_HAL_Driver/Src/stm32h7xx_hal_pcd_ex.o
 .debug_ranges  0x0000000000000568      0x148 ./Drivers/STM32H7xx_HAL_Driver/Src/stm32h7xx_hal_pwr_ex.o
 .debug_ranges  0x00000000000006b0       0x78 ./Drivers/STM32H7xx_HAL_Driver/Src/stm32h7xx_hal_rcc.o
 .debug_ranges  0x0000000000000728       0xe8 ./Drivers/STM32H7xx_HAL_Driver/Src/stm32h7xx_hal_rcc_ex.o
 .debug_ranges  0x0000000000000810      0x3d0 ./Drivers/STM32H7xx_HAL_Driver/Src/stm32h7xx_hal_tim.o
 .debug_ranges  0x0000000000000be0      0x178 ./Drivers/STM32H7xx_HAL_Driver/Src/stm32h7xx_hal_tim_ex.o
 .debug_ranges  0x0000000000000d58      0x268 ./Drivers/STM32H7xx_HAL_Driver/Src/stm32h7xx_hal_uart.o
 .debug_ranges  0x0000000000000fc0       0x90 ./Drivers/STM32H7xx_HAL_Driver/Src/stm32h7xx_hal_uart_ex.o
 .debug_ranges  0x0000000000001050      0x190 ./Drivers/STM32H7xx_HAL_Driver/Src/stm32h7xx_ll_usb.o

.debug_macro    0x0000000000000000    0x3741f
 .debug_macro   0x0000000000000000      0x2da ./Core/Src/main.o
 .debug_macro   0x00000000000002da      0xac0 ./Core/Src/main.o
 .debug_macro   0x0000000000000d9a      0x23e ./Core/Src/main.o
 .debug_macro   0x0000000000000fd8       0x2e ./Core/Src/main.o
 .debug_macro   0x0000000000001006       0x3b ./Core/Src/main.o
 .debug_macro   0x0000000000001041       0x22 ./Core/Src/main.o
 .debug_macro   0x0000000000001063       0x8e ./Core/Src/main.o
 .debug_macro   0x00000000000010f1       0x51 ./Core/Src/main.o
 .debug_macro   0x0000000000001142      0x103 ./Core/Src/main.o
 .debug_macro   0x0000000000001245       0x6a ./Core/Src/main.o
 .debug_macro   0x00000000000012af      0x1df ./Core/Src/main.o
 .debug_macro   0x000000000000148e       0x1c ./Core/Src/main.o
 .debug_macro   0x00000000000014aa       0x22 ./Core/Src/main.o
 .debug_macro   0x00000000000014cc      0x101 ./Core/Src/main.o
 .debug_macro   0x00000000000015cd     0x1305 ./Core/Src/main.o
 .debug_macro   0x00000000000028d2      0x11f ./Core/Src/main.o
 .debug_macro   0x00000000000029f1       0x27 ./Core/Src/main.o
 .debug_macro   0x0000000000002a18    0x25862 ./Core/Src/main.o
 .debug_macro   0x000000000002827a       0x6d ./Core/Src/main.o
 .debug_macro   0x00000000000282e7     0x3d1e ./Core/Src/main.o
 .debug_macro   0x000000000002c005      0x174 ./Core/Src/main.o
 .debug_macro   0x000000000002c179       0x52 ./Core/Src/main.o
 .debug_macro   0x000000000002c1cb       0x17 ./Core/Src/main.o
 .debug_macro   0x000000000002c1e2       0x3c ./Core/Src/main.o
 .debug_macro   0x000000000002c21e       0x34 ./Core/Src/main.o
 .debug_macro   0x000000000002c252       0x16 ./Core/Src/main.o
 .debug_macro   0x000000000002c268       0x43 ./Core/Src/main.o
 .debug_macro   0x000000000002c2ab       0x34 ./Core/Src/main.o
 .debug_macro   0x000000000002c2df       0x10 ./Core/Src/main.o
 .debug_macro   0x000000000002c2ef       0x58 ./Core/Src/main.o
 .debug_macro   0x000000000002c347       0x71 ./Core/Src/main.o
 .debug_macro   0x000000000002c3b8       0x1c ./Core/Src/main.o
 .debug_macro   0x000000000002c3d4      0x12a ./Core/Src/main.o
 .debug_macro   0x000000000002c4fe      0x333 ./Core/Src/main.o
 .debug_macro   0x000000000002c831      0x1a9 ./Core/Src/main.o
 .debug_macro   0x000000000002c9da       0x5d ./Core/Src/main.o
 .debug_macro   0x000000000002ca37     0x2382 ./Core/Src/main.o
 .debug_macro   0x000000000002edb9     0x1002 ./Core/Src/main.o
 .debug_macro   0x000000000002fdbb      0x14d ./Core/Src/main.o
 .debug_macro   0x000000000002ff08      0x114 ./Core/Src/main.o
 .debug_macro   0x000000000003001c      0x3b2 ./Core/Src/main.o
 .debug_macro   0x00000000000303ce       0xac ./Core/Src/main.o
 .debug_macro   0x000000000003047a      0x72d ./Core/Src/main.o
 .debug_macro   0x0000000000030ba7      0x228 ./Core/Src/main.o
 .debug_macro   0x0000000000030dcf       0x66 ./Core/Src/main.o
 .debug_macro   0x0000000000030e35      0x3bb ./Core/Src/main.o
 .debug_macro   0x00000000000311f0      0x3e4 ./Core/Src/main.o
 .debug_macro   0x00000000000315d4      0x275 ./Core/Src/main.o
 .debug_macro   0x0000000000031849      0x3ca ./Core/Src/main.o
 .debug_macro   0x0000000000031c13      0x408 ./Core/Src/main.o
 .debug_macro   0x000000000003201b       0x51 ./Core/Src/main.o
 .debug_macro   0x000000000003206c       0x4a ./Core/Src/main.o
 .debug_macro   0x00000000000320b6      0x22c ./Core/Src/main.o
 .debug_macro   0x00000000000322e2       0x67 ./Core/Src/main.o
 .debug_macro   0x0000000000032349       0xa5 ./Core/Src/main.o
 .debug_macro   0x00000000000323ee      0x1c4 ./Core/Src/main.o
 .debug_macro   0x00000000000325b2      0x25e ./Core/Src/main.o
 .debug_macro   0x0000000000032810       0x35 ./Core/Src/main.o
 .debug_macro   0x0000000000032845      0xad7 ./Core/Src/main.o
 .debug_macro   0x000000000003331c      0x29f ./Core/Src/main.o
 .debug_macro   0x00000000000335bb      0x67e ./Core/Src/main.o
 .debug_macro   0x0000000000033c39       0xa6 ./Core/Src/main.o
 .debug_macro   0x0000000000033cdf      0x248 ./Core/Src/main.o
 .debug_macro   0x0000000000033f27       0x90 ./Core/Src/main.o
 .debug_macro   0x0000000000033fb7      0x5a0 ./Core/Src/main.o
 .debug_macro   0x0000000000034557      0x100 ./Core/Src/main.o
 .debug_macro   0x0000000000034657      0x2da ./Core/Src/stm32h7xx_hal_msp.o
 .debug_macro   0x0000000000034931      0x2e4 ./Core/Src/stm32h7xx_it.o
 .debug_macro   0x0000000000034c15      0x2cb ./Core/Src/system_stm32h7xx.o
 .debug_macro   0x0000000000034ee0      0x2f5 ./Drivers/STM32H7xx_HAL_Driver/Src/stm32h7xx_hal.o
 .debug_macro   0x00000000000351d5      0x2cb ./Drivers/STM32H7xx_HAL_Driver/Src/stm32h7xx_hal_cortex.o
 .debug_macro   0x00000000000354a0      0x2d2 ./Drivers/STM32H7xx_HAL_Driver/Src/stm32h7xx_hal_gpio.o
 .debug_macro   0x0000000000035772      0x2d7 ./Drivers/STM32H7xx_HAL_Driver/Src/stm32h7xx_hal_pcd.o
 .debug_macro   0x0000000000035a49      0x2cb ./Drivers/STM32H7xx_HAL_Driver/Src/stm32h7xx_hal_pcd_ex.o
 .debug_macro   0x0000000000035d14      0x304 ./Drivers/STM32H7xx_HAL_Driver/Src/stm32h7xx_hal_pwr_ex.o
 .debug_macro   0x0000000000036018      0x2ef ./Drivers/STM32H7xx_HAL_Driver/Src/stm32h7xx_hal_rcc.o
 .debug_macro   0x0000000000036307      0x2e9 ./Drivers/STM32H7xx_HAL_Driver/Src/stm32h7xx_hal_rcc_ex.o
 .debug_macro   0x00000000000365f0      0x2cc ./Drivers/STM32H7xx_HAL_Driver/Src/stm32h7xx_hal_tim.o
 .debug_macro   0x00000000000368bc      0x2cb ./Drivers/STM32H7xx_HAL_Driver/Src/stm32h7xx_hal_tim_ex.o
 .debug_macro   0x0000000000036b87      0x2f6 ./Drivers/STM32H7xx_HAL_Driver/Src/stm32h7xx_hal_uart.o
 .debug_macro   0x0000000000036e7d      0x2d7 ./Drivers/STM32H7xx_HAL_Driver/Src/stm32h7xx_hal_uart_ex.o
 .debug_macro   0x0000000000037154      0x2cb ./Drivers/STM32H7xx_HAL_Driver/Src/stm32h7xx_ll_usb.o

.debug_line     0x0000000000000000    0x17c1f
 .debug_line    0x0000000000000000      0xb07 ./Core/Src/main.o
 .debug_line    0x0000000000000b07      0xa01 ./Core/Src/stm32h7xx_hal_msp.o
 .debug_line    0x0000000000001508      0x9a9 ./Core/Src/stm32h7xx_it.o
 .debug_line    0x0000000000001eb1      0xa99 ./Core/Src/system_stm32h7xx.o
 .debug_line    0x000000000000294a       0x88 ./Core/Startup/startup_stm32h743zitx.o
 .debug_line    0x00000000000029d2      0xe94 ./Drivers/STM32H7xx_HAL_Driver/Src/stm32h7xx_hal.o
 .debug_line    0x0000000000003866      0xe9a ./Drivers/STM32H7xx_HAL_Driver/Src/stm32h7xx_hal_cortex.o
 .debug_line    0x0000000000004700      0xd57 ./Drivers/STM32H7xx_HAL_Driver/Src/stm32h7xx_hal_gpio.o
 .debug_line    0x0000000000005457     0x1572 ./Drivers/STM32H7xx_HAL_Driver/Src/stm32h7xx_hal_pcd.o
 .debug_line    0x00000000000069c9      0xac2 ./Drivers/STM32H7xx_HAL_Driver/Src/stm32h7xx_hal_pcd_ex.o
 .debug_line    0x000000000000748b      0xfae ./Drivers/STM32H7xx_HAL_Driver/Src/stm32h7xx_hal_pwr_ex.o
 .debug_line    0x0000000000008439     0x13ff ./Drivers/STM32H7xx_HAL_Driver/Src/stm32h7xx_hal_rcc.o
 .debug_line    0x0000000000009838     0x1bad ./Drivers/STM32H7xx_HAL_Driver/Src/stm32h7xx_hal_rcc_ex.o
 .debug_line    0x000000000000b3e5     0x3f52 ./Drivers/STM32H7xx_HAL_Driver/Src/stm32h7xx_hal_tim.o
 .debug_line    0x000000000000f337     0x1e2f ./Drivers/STM32H7xx_HAL_Driver/Src/stm32h7xx_hal_tim_ex.o
 .debug_line    0x0000000000011166     0x3eed ./Drivers/STM32H7xx_HAL_Driver/Src/stm32h7xx_hal_uart.o
 .debug_line    0x0000000000015053      0xf72 ./Drivers/STM32H7xx_HAL_Driver/Src/stm32h7xx_hal_uart_ex.o
 .debug_line    0x0000000000015fc5     0x1c5a ./Drivers/STM32H7xx_HAL_Driver/Src/stm32h7xx_ll_usb.o

.debug_str      0x0000000000000000   0x163dd3
 .debug_str     0x0000000000000000   0x15e4cf ./Core/Src/main.o
                                     0x15eaf3 (size before relaxing)
 .debug_str     0x000000000015e4cf      0x3b7 ./Core/Src/stm32h7xx_hal_msp.o
                                     0x15eb1a (size before relaxing)
 .debug_str     0x000000000015e886       0xbd ./Core/Src/stm32h7xx_it.o
                                     0x15d95f (size before relaxing)
 .debug_str     0x000000000015e943      0x315 ./Core/Src/system_stm32h7xx.o
                                     0x15d9d9 (size before relaxing)
 .debug_str     0x000000000015ec58       0x36 ./Core/Startup/startup_stm32h743zitx.o
                                         0x77 (size before relaxing)
 .debug_str     0x000000000015ec8e      0xf09 ./Drivers/STM32H7xx_HAL_Driver/Src/stm32h7xx_hal.o
                                     0x15e807 (size before relaxing)
 .debug_str     0x000000000015fb97      0x39f ./Drivers/STM32H7xx_HAL_Driver/Src/stm32h7xx_hal_cortex.o
                                     0x15e30f (size before relaxing)
 .debug_str     0x000000000015ff36      0x12a ./Drivers/STM32H7xx_HAL_Driver/Src/stm32h7xx_hal_gpio.o
                                     0x15d9bd (size before relaxing)
 .debug_str     0x0000000000160060      0x55e ./Drivers/STM32H7xx_HAL_Driver/Src/stm32h7xx_hal_pcd.o
                                     0x15de20 (size before relaxing)
 .debug_str     0x00000000001605be      0x1b4 ./Drivers/STM32H7xx_HAL_Driver/Src/stm32h7xx_hal_pcd_ex.o
                                     0x15da6b (size before relaxing)
 .debug_str     0x0000000000160772      0x63e ./Drivers/STM32H7xx_HAL_Driver/Src/stm32h7xx_hal_pwr_ex.o
                                     0x15de60 (size before relaxing)
 .debug_str     0x0000000000160db0      0x26c ./Drivers/STM32H7xx_HAL_Driver/Src/stm32h7xx_hal_rcc.o
                                     0x15dd21 (size before relaxing)
 .debug_str     0x000000000016101c      0x665 ./Drivers/STM32H7xx_HAL_Driver/Src/stm32h7xx_hal_rcc_ex.o
                                     0x15e1e7 (size before relaxing)
 .debug_str     0x0000000000161681      0xdc1 ./Drivers/STM32H7xx_HAL_Driver/Src/stm32h7xx_hal_tim.o
                                     0x15ea57 (size before relaxing)
 .debug_str     0x0000000000162442      0x604 ./Drivers/STM32H7xx_HAL_Driver/Src/stm32h7xx_hal_tim_ex.o
                                     0x15e33d (size before relaxing)
 .debug_str     0x0000000000162a46      0x9fb ./Drivers/STM32H7xx_HAL_Driver/Src/stm32h7xx_hal_uart.o
                                     0x15e73d (size before relaxing)
 .debug_str     0x0000000000163441      0x2e0 ./Drivers/STM32H7xx_HAL_Driver/Src/stm32h7xx_hal_uart_ex.o
                                     0x15dd65 (size before relaxing)
 .debug_str     0x0000000000163721      0x6b2 ./Drivers/STM32H7xx_HAL_Driver/Src/stm32h7xx_ll_usb.o
                                     0x15dfa4 (size before relaxing)

.comment        0x0000000000000000       0x53
 .comment       0x0000000000000000       0x53 ./Core/Src/main.o
                                         0x54 (size before relaxing)
 .comment       0x0000000000000053       0x54 ./Core/Src/stm32h7xx_hal_msp.o
 .comment       0x0000000000000053       0x54 ./Core/Src/stm32h7xx_it.o
 .comment       0x0000000000000053       0x54 ./Core/Src/system_stm32h7xx.o
 .comment       0x0000000000000053       0x54 ./Drivers/STM32H7xx_HAL_Driver/Src/stm32h7xx_hal.o
 .comment       0x0000000000000053       0x54 ./Drivers/STM32H7xx_HAL_Driver/Src/stm32h7xx_hal_cortex.o
 .comment       0x0000000000000053       0x54 ./Drivers/STM32H7xx_HAL_Driver/Src/stm32h7xx_hal_gpio.o
 .comment       0x0000000000000053       0x54 ./Drivers/STM32H7xx_HAL_Driver/Src/stm32h7xx_hal_pcd.o
 .comment       0x0000000000000053       0x54 ./Drivers/STM32H7xx_HAL_Driver/Src/stm32h7xx_hal_pcd_ex.o
 .comment       0x0000000000000053       0x54 ./Drivers/STM32H7xx_HAL_Driver/Src/stm32h7xx_hal_pwr_ex.o
 .comment       0x0000000000000053       0x54 ./Drivers/STM32H7xx_HAL_Driver/Src/stm32h7xx_hal_rcc.o
 .comment       0x0000000000000053       0x54 ./Drivers/STM32H7xx_HAL_Driver/Src/stm32h7xx_hal_rcc_ex.o
 .comment       0x0000000000000053       0x54 ./Drivers/STM32H7xx_HAL_Driver/Src/stm32h7xx_hal_tim.o
 .comment       0x0000000000000053       0x54 ./Drivers/STM32H7xx_HAL_Driver/Src/stm32h7xx_hal_tim_ex.o
 .comment       0x0000000000000053       0x54 ./Drivers/STM32H7xx_HAL_Driver/Src/stm32h7xx_hal_uart.o
 .comment       0x0000000000000053       0x54 ./Drivers/STM32H7xx_HAL_Driver/Src/stm32h7xx_hal_uart_ex.o
 .comment       0x0000000000000053       0x54 ./Drivers/STM32H7xx_HAL_Driver/Src/stm32h7xx_ll_usb.o

.debug_frame    0x0000000000000000     0x50f0
 .debug_frame   0x0000000000000000       0xe8 ./Core/Src/main.o
 .debug_frame   0x00000000000000e8      0x118 ./Core/Src/stm32h7xx_hal_msp.o
 .debug_frame   0x0000000000000200      0x104 ./Core/Src/stm32h7xx_it.o
 .debug_frame   0x0000000000000304       0x58 ./Core/Src/system_stm32h7xx.o
 .debug_frame   0x000000000000035c      0x690 ./Drivers/STM32H7xx_HAL_Driver/Src/stm32h7xx_hal.o
 .debug_frame   0x00000000000009ec      0x4b8 ./Drivers/STM32H7xx_HAL_Driver/Src/stm32h7xx_hal_cortex.o
 .debug_frame   0x0000000000000ea4      0x14c ./Drivers/STM32H7xx_HAL_Driver/Src/stm32h7xx_hal_gpio.o
 .debug_frame   0x0000000000000ff0      0x598 ./Drivers/STM32H7xx_HAL_Driver/Src/stm32h7xx_hal_pcd.o
 .debug_frame   0x0000000000001588      0x174 ./Drivers/STM32H7xx_HAL_Driver/Src/stm32h7xx_hal_pcd_ex.o
 .debug_frame   0x00000000000016fc      0x580 ./Drivers/STM32H7xx_HAL_Driver/Src/stm32h7xx_hal_pwr_ex.o
 .debug_frame   0x0000000000001c7c      0x1f8 ./Drivers/STM32H7xx_HAL_Driver/Src/stm32h7xx_hal_rcc.o
 .debug_frame   0x0000000000001e74      0x3f4 ./Drivers/STM32H7xx_HAL_Driver/Src/stm32h7xx_hal_rcc_ex.o
 .debug_frame   0x0000000000002268     0x121c ./Drivers/STM32H7xx_HAL_Driver/Src/stm32h7xx_hal_tim.o
 .debug_frame   0x0000000000003484      0x6d8 ./Drivers/STM32H7xx_HAL_Driver/Src/stm32h7xx_hal_tim_ex.o
 .debug_frame   0x0000000000003b5c      0xa8c ./Drivers/STM32H7xx_HAL_Driver/Src/stm32h7xx_hal_uart.o
 .debug_frame   0x00000000000045e8      0x29c ./Drivers/STM32H7xx_HAL_Driver/Src/stm32h7xx_hal_uart_ex.o
 .debug_frame   0x0000000000004884      0x7c0 ./Drivers/STM32H7xx_HAL_Driver/Src/stm32h7xx_ll_usb.o
 .debug_frame   0x0000000000005044       0x2c /Applications/STM32CubeIDE 2.app/Contents/Eclipse/plugins/com.st.stm32cube.ide.mcu.externaltools.gnu-tools-for-stm32.9-2020-q2-update.macos64_2.0.0.202105311346/tools/bin/../lib/gcc/arm-none-eabi/9.3.1/../../../../arm-none-eabi/lib/thumb/v7e-m+dp/hard/libc_nano.a(lib_a-init.o)
 .debug_frame   0x0000000000005070       0x20 /Applications/STM32CubeIDE 2.app/Contents/Eclipse/plugins/com.st.stm32cube.ide.mcu.externaltools.gnu-tools-for-stm32.9-2020-q2-update.macos64_2.0.0.202105311346/tools/bin/../lib/gcc/arm-none-eabi/9.3.1/../../../../arm-none-eabi/lib/thumb/v7e-m+dp/hard/libc_nano.a(lib_a-memset.o)
 .debug_frame   0x0000000000005090       0x2c /Applications/STM32CubeIDE 2.app/Contents/Eclipse/plugins/com.st.stm32cube.ide.mcu.externaltools.gnu-tools-for-stm32.9-2020-q2-update.macos64_2.0.0.202105311346/tools/bin/../lib/gcc/arm-none-eabi/9.3.1/thumb/v7e-m+dp/hard/libgcc.a(_aeabi_uldivmod.o)
 .debug_frame   0x00000000000050bc       0x34 /Applications/STM32CubeIDE 2.app/Contents/Eclipse/plugins/com.st.stm32cube.ide.mcu.externaltools.gnu-tools-for-stm32.9-2020-q2-update.macos64_2.0.0.202105311346/tools/bin/../lib/gcc/arm-none-eabi/9.3.1/thumb/v7e-m+dp/hard/libgcc.a(_udivmoddi4.o)
